00:00 +0: loading C:/Users/phili/Documents/Kiro/LifeApp/household_docs_app/test/services/property_4_subscription_status_query_on_sync_test.dart
00:00 +0: Property 4: Subscription status query on sync middleware should query subscription status for every canPerformCloudSync call
Clearing subscription status cache
SubscriptionGatingMiddleware: Checking if cloud sync is allowed
Cache expired or unavailable, refreshing subscription status
Cache updated: status=SubscriptionStatus.none, lastChecked=2026-01-25 21:44:43.762253
Cache updated: status=SubscriptionStatus.none, lastChecked=2026-01-25 21:44:43.762253
SubscriptionGatingMiddleware: Cloud sync denied - subscription status: SubscriptionStatus.none
Clearing subscription status cache
SubscriptionGatingMiddleware: Checking if cloud sync is allowed
Cache expired or unavailable, refreshing subscription status
Cache updated: status=SubscriptionStatus.none, lastChecked=2026-01-25 21:44:43.778815
Cache updated: status=SubscriptionStatus.none, lastChecked=2026-01-25 21:44:43.778815
SubscriptionGatingMiddleware: Cloud sync denied - subscription status: SubscriptionStatus.none
Clearing subscription status cache
SubscriptionGatingMiddleware: Checking if cloud sync is allowed
Cache expired or unavailable, refreshing subscription status
Cache updated: status=SubscriptionStatus.none, lastChecked=2026-01-25 21:44:43.778815
Cache updated: status=SubscriptionStatus.none, lastChecked=2026-01-25 21:44:43.778815
SubscriptionGatingMiddleware: Cloud sync denied - subscription status: SubscriptionStatus.none
Clearing subscription status cache
SubscriptionGatingMiddleware: Checking if cloud sync is allowed
Cache expired or unavailable, refreshing subscription status
Cache updated: status=SubscriptionStatus.none, lastChecked=2026-01-25 21:44:43.778815
Cache updated: status=SubscriptionStatus.none, lastChecked=2026-01-25 21:44:43.778815
SubscriptionGatingMiddleware: Cloud sync denied - subscription status: SubscriptionStatus.none
Clearing subscription status cache
SubscriptionGatingMiddleware: Checking if cloud sync is allowed
Cache expired or unavailable, refreshing subscription status
Cache updated: status=SubscriptionStatus.none, lastChecked=2026-01-25 21:44:43.778815
Cache updated: status=SubscriptionStatus.none, lastChecked=2026-01-25 21:44:43.778815
SubscriptionGatingMiddleware: Cloud sync denied - subscription status: SubscriptionStatus.none
Clearing subscription status cache
SubscriptionGatingMiddleware: Checking if cloud sync is allowed
Cache expired or unavailable, refreshing subscription status
Cache updated: status=SubscriptionStatus.none, lastChecked=2026-01-25 21:44:43.778815
Cache updated: status=SubscriptionStatus.none, lastChecked=2026-01-25 21:44:43.778815
SubscriptionGatingMiddleware: Cloud sync denied - subscription status: SubscriptionStatus.none
Clearing subscription status cache
SubscriptionGatingMiddleware: Checking if cloud sync is allowed
Cache expired or unavailable, refreshing subscription status
Cache updated: status=SubscriptionStatus.none, lastChecked=2026-01-25 21:44:43.778815
Cache updated: status=SubscriptionStatus.none, lastChecked=2026-01-25 21:44:43.778815
SubscriptionGatingMiddleware: Cloud sync denied - subscription status: SubscriptionStatus.none
Clearing subscription status cache
SubscriptionGatingMiddleware: Checking if cloud sync is allowed
Cache expired or unavailable, refreshing subscription status
Cache updated: status=SubscriptionStatus.none, lastChecked=2026-01-25 21:44:43.778815
Cache updated: status=SubscriptionStatus.none, lastChecked=2026-01-25 21:44:43.778815
SubscriptionGatingMiddleware: Cloud sync denied - subscription status: SubscriptionStatus.none
Clearing subscription status cache
SubscriptionGatingMiddleware: Checking if cloud sync is allowed
Cache expired or unavailable, refreshing subscription status
Cache updated: status=SubscriptionStatus.none, lastChecked=2026-01-25 21:44:43.778815
Cache updated: status=SubscriptionStatus.none, lastChecked=2026-01-25 21:44:43.778815
SubscriptionGatingMiddleware: Cloud sync denied - subscription status: SubscriptionStatus.none
Clearing subscription status cache
SubscriptionGatingMiddleware: Checking if cloud sync is allowed
Cache expired or unavailable, refreshing subscription status
Cache updated: status=SubscriptionStatus.none, lastChecked=2026-01-25 21:44:43.778815
Cache updated: status=SubscriptionStatus.none, lastChecked=2026-01-25 21:44:43.778815
SubscriptionGatingMiddleware: Cloud sync denied - subscription status: SubscriptionStatus.none
Clearing subscription status cache
SubscriptionGatingMiddleware: Checking if cloud sync is allowed
Cache expired or unavailable, refreshing subscription status
Cache updated: status=SubscriptionStatus.none, lastChecked=2026-01-25 21:44:43.778815
Cache updated: status=SubscriptionStatus.none, lastChecked=2026-01-25 21:44:43.778815
SubscriptionGatingMiddleware: Cloud sync denied - subscription status: SubscriptionStatus.none
Clearing subscription status cache
SubscriptionGatingMiddleware: Checking if cloud sync is allowed
Cache expired or unavailable, refreshing subscription status
Cache updated: status=SubscriptionStatus.none, lastChecked=2026-01-25 21:44:43.778815
Cache updated: status=SubscriptionStatus.none, lastChecked=2026-01-25 21:44:43.778815
SubscriptionGatingMiddleware: Cloud sync denied - subscription status: SubscriptionStatus.none
Clearing subscription status cache
SubscriptionGatingMiddleware: Checking if cloud sync is allowed
Cache expired or unavailable, refreshing subscription status
Cache updated: status=SubscriptionStatus.none, lastChecked=2026-01-25 21:44:43.778815
Cache updated: status=SubscriptionStatus.none, lastChecked=2026-01-25 21:44:43.778815
SubscriptionGatingMiddleware: Cloud sync denied - subscription status: SubscriptionStatus.none
Clearing subscription status cache
SubscriptionGatingMiddleware: Checking if cloud sync is allowed
Cache expired or unavailable, refreshing subscription status
Cache updated: status=SubscriptionStatus.none, lastChecked=2026-01-25 21:44:43.778815
Cache updated: status=SubscriptionStatus.none, lastChecked=2026-01-25 21:44:43.778815
SubscriptionGatingMiddleware: Cloud sync denied - subscription status: SubscriptionStatus.none
Clearing subscription status cache
SubscriptionGatingMiddleware: Checking if cloud sync is allowed
Cache expired or unavailable, refreshing subscription status
Cache updated: status=SubscriptionStatus.none, lastChecked=2026-01-25 21:44:43.778815
Cache updated: status=SubscriptionStatus.none, lastChecked=2026-01-25 21:44:43.778815
SubscriptionGatingMiddleware: Cloud sync denied - subscription status: SubscriptionStatus.none
Clearing subscription status cache
SubscriptionGatingMiddleware: Checking if cloud sync is allowed
Cache expired or unavailable, refreshing subscription status
Cache updated: status=SubscriptionStatus.none, lastChecked=2026-01-25 21:44:43.778815
Cache updated: status=SubscriptionStatus.none, lastChecked=2026-01-25 21:44:43.778815
SubscriptionGatingMiddleware: Cloud sync denied - subscription status: SubscriptionStatus.none
Clearing subscription status cache
SubscriptionGatingMiddleware: Checking if cloud sync is allowed
Cache expired or unavailable, refreshing subscription status
Cache updated: status=SubscriptionStatus.none, lastChecked=2026-01-25 21:44:43.778815
Cache updated: status=SubscriptionStatus.none, lastChecked=2026-01-25 21:44:43.778815
SubscriptionGatingMiddleware: Cloud sync denied - subscription status: SubscriptionStatus.none
Clearing subscription status cache
SubscriptionGatingMiddleware: Checking if cloud sync is allowed
Cache expired or unavailable, refreshing subscription status
Cache updated: status=SubscriptionStatus.none, lastChecked=2026-01-25 21:44:43.778815
Cache updated: status=SubscriptionStatus.none, lastChecked=2026-01-25 21:44:43.778815
SubscriptionGatingMiddleware: Cloud sync denied - subscription status: SubscriptionStatus.none
Clearing subscription status cache
SubscriptionGatingMiddleware: Checking if cloud sync is allowed
Cache expired or unavailable, refreshing subscription status
Cache updated: status=SubscriptionStatus.none, lastChecked=2026-01-25 21:44:43.778815
Cache updated: status=SubscriptionStatus.none, lastChecked=2026-01-25 21:44:43.778815
SubscriptionGatingMiddleware: Cloud sync denied - subscription status: SubscriptionStatus.none
Clearing subscription status cache
SubscriptionGatingMiddleware: Checking if cloud sync is allowed
Cache expired or unavailable, refreshing subscription status
Cache updated: status=SubscriptionStatus.none, lastChecked=2026-01-25 21:44:43.778815
Cache updated: status=SubscriptionStatus.none, lastChecked=2026-01-25 21:44:43.778815
SubscriptionGatingMiddleware: Cloud sync denied - subscription status: SubscriptionStatus.none
Clearing subscription status cache
SubscriptionGatingMiddleware: Checking if cloud sync is allowed
Cache expired or unavailable, refreshing subscription status
Cache updated: status=SubscriptionStatus.none, lastChecked=2026-01-25 21:44:43.778815
Cache updated: status=SubscriptionStatus.none, lastChecked=2026-01-25 21:44:43.778815
SubscriptionGatingMiddleware: Cloud sync denied - subscription status: SubscriptionStatus.none
Clearing subscription status cache
SubscriptionGatingMiddleware: Checking if cloud sync is allowed
Cache expired or unavailable, refreshing subscription status
Cache updated: status=SubscriptionStatus.none, lastChecked=2026-01-25 21:44:43.778815
Cache updated: status=SubscriptionStatus.none, lastChecked=2026-01-25 21:44:43.778815
SubscriptionGatingMiddleware: Cloud sync denied - subscription status: SubscriptionStatus.none
Clearing subscription status cache
SubscriptionGatingMiddleware: Checking if cloud sync is allowed
Cache expired or unavailable, refreshing subscription status
Cache updated: status=SubscriptionStatus.none, lastChecked=2026-01-25 21:44:43.778815
Cache updated: status=SubscriptionStatus.none, lastChecked=2026-01-25 21:44:43.778815
SubscriptionGatingMiddleware: Cloud sync denied - subscription status: SubscriptionStatus.none
Clearing subscription status cache
SubscriptionGatingMiddleware: Checking if cloud sync is allowed
Cache expired or unavailable, refreshing subscription status
Cache updated: status=SubscriptionStatus.none, lastChecked=2026-01-25 21:44:43.778815
Cache updated: status=SubscriptionStatus.none, lastChecked=2026-01-25 21:44:43.778815
SubscriptionGatingMiddleware: Cloud sync denied - subscription status: SubscriptionStatus.none
Clearing subscription status cache
SubscriptionGatingMiddleware: Checking if cloud sync is allowed
Cache expired or unavailable, refreshing subscription status
Cache updated: status=SubscriptionStatus.none, lastChecked=2026-01-25 21:44:43.778815
Cache updated: status=SubscriptionStatus.none, lastChecked=2026-01-25 21:44:43.778815
SubscriptionGatingMiddleware: Cloud sync denied - subscription status: SubscriptionStatus.none
Clearing subscription status cache
SubscriptionGatingMiddleware: Checking if cloud sync is allowed
Cache expired or unavailable, refreshing subscription status
Cache updated: status=SubscriptionStatus.none, lastChecked=2026-01-25 21:44:43.778815
Cache updated: status=SubscriptionStatus.none, lastChecked=2026-01-25 21:44:43.778815
SubscriptionGatingMiddleware: Cloud sync denied - subscription status: SubscriptionStatus.none
Clearing subscription status cache
SubscriptionGatingMiddleware: Checking if cloud sync is allowed
Cache expired or unavailable, refreshing subscription status
Cache updated: status=SubscriptionStatus.none, lastChecked=2026-01-25 21:44:43.778815
Cache updated: status=SubscriptionStatus.none, lastChecked=2026-01-25 21:44:43.778815
SubscriptionGatingMiddleware: Cloud sync denied - subscription status: SubscriptionStatus.none
Clearing subscription status cache
SubscriptionGatingMiddleware: Checking if cloud sync is allowed
Cache expired or unavailable, refreshing subscription status
Cache updated: status=SubscriptionStatus.none, lastChecked=2026-01-25 21:44:43.778815
Cache updated: status=SubscriptionStatus.none, lastChecked=2026-01-25 21:44:43.778815
SubscriptionGatingMiddleware: Cloud sync denied - subscription status: SubscriptionStatus.none
Clearing subscription status cache
SubscriptionGatingMiddleware: Checking if cloud sync is allowed
Cache expired or unavailable, refreshing subscription status
Cache updated: status=SubscriptionStatus.none, lastChecked=2026-01-25 21:44:43.778815
Cache updated: status=SubscriptionStatus.none, lastChecked=2026-01-25 21:44:43.778815
SubscriptionGatingMiddleware: Cloud sync denied - subscription status: SubscriptionStatus.none
Clearing subscription status cache
SubscriptionGatingMiddleware: Checking if cloud sync is allowed
Cache expired or unavailable, refreshing subscription status
Cache updated: status=SubscriptionStatus.none, lastChecked=2026-01-25 21:44:43.778815
Cache updated: status=SubscriptionStatus.none, lastChecked=2026-01-25 21:44:43.778815
SubscriptionGatingMiddleware: Cloud sync denied - subscription status: SubscriptionStatus.none
Clearing subscription status cache
SubscriptionGatingMiddleware: Checking if cloud sync is allowed
Cache expired or unavailable, refreshing subscription status
Cache updated: status=SubscriptionStatus.none, lastChecked=2026-01-25 21:44:43.778815
Cache updated: status=SubscriptionStatus.none, lastChecked=2026-01-25 21:44:43.778815
SubscriptionGatingMiddleware: Cloud sync denied - subscription status: SubscriptionStatus.none
Clearing subscription status cache
SubscriptionGatingMiddleware: Checking if cloud sync is allowed
Cache expired or unavailable, refreshing subscription status
Cache updated: status=SubscriptionStatus.none, lastChecked=2026-01-25 21:44:43.778815
Cache updated: status=SubscriptionStatus.none, lastChecked=2026-01-25 21:44:43.778815
SubscriptionGatingMiddleware: Cloud sync denied - subscription status: SubscriptionStatus.none
Clearing subscription status cache
SubscriptionGatingMiddleware: Checking if cloud sync is allowed
Cache expired or unavailable, refreshing subscription status
Cache updated: status=SubscriptionStatus.none, lastChecked=2026-01-25 21:44:43.778815
Cache updated: status=SubscriptionStatus.none, lastChecked=2026-01-25 21:44:43.778815
SubscriptionGatingMiddleware: Cloud sync denied - subscription status: SubscriptionStatus.none
Clearing subscription status cache
SubscriptionGatingMiddleware: Checking if cloud sync is allowed
Cache expired or unavailable, refreshing subscription status
Cache updated: status=SubscriptionStatus.none, lastChecked=2026-01-25 21:44:43.778815
Cache updated: status=SubscriptionStatus.none, lastChecked=2026-01-25 21:44:43.778815
SubscriptionGatingMiddleware: Cloud sync denied - subscription status: SubscriptionStatus.none
Clearing subscription status cache
SubscriptionGatingMiddleware: Checking if cloud sync is allowed
Cache expired or unavailable, refreshing subscription status
Cache updated: status=SubscriptionStatus.none, lastChecked=2026-01-25 21:44:43.778815
Cache updated: status=SubscriptionStatus.none, lastChecked=2026-01-25 21:44:43.778815
SubscriptionGatingMiddleware: Cloud sync denied - subscription status: SubscriptionStatus.none
Clearing subscription status cache
SubscriptionGatingMiddleware: Checking if cloud sync is allowed
Cache expired or unavailable, refreshing subscription status
Cache updated: status=SubscriptionStatus.none, lastChecked=2026-01-25 21:44:43.778815
Cache updated: status=SubscriptionStatus.none, lastChecked=2026-01-25 21:44:43.778815
SubscriptionGatingMiddleware: Cloud sync denied - subscription status: SubscriptionStatus.none
Clearing subscription status cache
SubscriptionGatingMiddleware: Checking if cloud sync is allowed
Cache expired or unavailable, refreshing subscription status
Cache updated: status=SubscriptionStatus.none, lastChecked=2026-01-25 21:44:43.778815
Cache updated: status=SubscriptionStatus.none, lastChecked=2026-01-25 21:44:43.778815
SubscriptionGatingMiddleware: Cloud sync denied - subscription status: SubscriptionStatus.none
Clearing subscription status cache
SubscriptionGatingMiddleware: Checking if cloud sync is allowed
Cache expired or unavailable, refreshing subscription status
Cache updated: status=SubscriptionStatus.none, lastChecked=2026-01-25 21:44:43.778815
Cache updated: status=SubscriptionStatus.none, lastChecked=2026-01-25 21:44:43.778815
SubscriptionGatingMiddleware: Cloud sync denied - subscription status: SubscriptionStatus.none
Clearing subscription status cache
SubscriptionGatingMiddleware: Checking if cloud sync is allowed
Cache expired or unavailable, refreshing subscription status
Cache updated: status=SubscriptionStatus.none, lastChecked=2026-01-25 21:44:43.778815
Cache updated: status=SubscriptionStatus.none, lastChecked=2026-01-25 21:44:43.778815
SubscriptionGatingMiddleware: Cloud sync denied - subscription status: SubscriptionStatus.none
Clearing subscription status cache
SubscriptionGatingMiddleware: Checking if cloud sync is allowed
Cache expired or unavailable, refreshing subscription status
Cache updated: status=SubscriptionStatus.none, lastChecked=2026-01-25 21:44:43.778815
Cache updated: status=SubscriptionStatus.none, lastChecked=2026-01-25 21:44:43.778815
SubscriptionGatingMiddleware: Cloud sync denied - subscription status: SubscriptionStatus.none
Clearing subscription status cache
SubscriptionGatingMiddleware: Checking if cloud sync is allowed
Cache expired or unavailable, refreshing subscription status
Cache updated: status=SubscriptionStatus.none, lastChecked=2026-01-25 21:44:43.778815
Cache updated: status=SubscriptionStatus.none, lastChecked=2026-01-25 21:44:43.778815
SubscriptionGatingMiddleware: Cloud sync denied - subscription status: SubscriptionStatus.none
Clearing subscription status cache
SubscriptionGatingMiddleware: Checking if cloud sync is allowed
Cache expired or unavailable, refreshing subscription status
Cache updated: status=SubscriptionStatus.none, lastChecked=2026-01-25 21:44:43.778815
Cache updated: status=SubscriptionStatus.none, lastChecked=2026-01-25 21:44:43.792004
SubscriptionGatingMiddleware: Cloud sync denied - subscription status: SubscriptionStatus.none
Clearing subscription status cache
SubscriptionGatingMiddleware: Checking if cloud sync is allowed
Cache expired or unavailable, refreshing subscription status
Cache updated: status=SubscriptionStatus.none, lastChecked=2026-01-25 21:44:43.792004
Cache updated: status=SubscriptionStatus.none, lastChecked=2026-01-25 21:44:43.792004
SubscriptionGatingMiddleware: Cloud sync denied - subscription status: SubscriptionStatus.none
Clearing subscription status cache
SubscriptionGatingMiddleware: Checking if cloud sync is allowed
Cache expired or unavailable, refreshing subscription status
Cache updated: status=SubscriptionStatus.none, lastChecked=2026-01-25 21:44:43.793546
Cache updated: status=SubscriptionStatus.none, lastChecked=2026-01-25 21:44:43.793546
SubscriptionGatingMiddleware: Cloud sync denied - subscription status: SubscriptionStatus.none
Clearing subscription status cache
SubscriptionGatingMiddleware: Checking if cloud sync is allowed
Cache expired or unavailable, refreshing subscription status
Cache updated: status=SubscriptionStatus.none, lastChecked=2026-01-25 21:44:43.793546
Cache updated: status=SubscriptionStatus.none, lastChecked=2026-01-25 21:44:43.793546
SubscriptionGatingMiddleware: Cloud sync denied - subscription status: SubscriptionStatus.none
Clearing subscription status cache
SubscriptionGatingMiddleware: Checking if cloud sync is allowed
Cache expired or unavailable, refreshing subscription status
Cache updated: status=SubscriptionStatus.none, lastChecked=2026-01-25 21:44:43.795259
Cache updated: status=SubscriptionStatus.none, lastChecked=2026-01-25 21:44:43.795590
SubscriptionGatingMiddleware: Cloud sync denied - subscription status: SubscriptionStatus.none
Clearing subscription status cache
SubscriptionGatingMiddleware: Checking if cloud sync is allowed
Cache expired or unavailable, refreshing subscription status
Cache updated: status=SubscriptionStatus.none, lastChecked=2026-01-25 21:44:43.795590
Cache updated: status=SubscriptionStatus.none, lastChecked=2026-01-25 21:44:43.795590
SubscriptionGatingMiddleware: Cloud sync denied - subscription status: SubscriptionStatus.none
Clearing subscription status cache
SubscriptionGatingMiddleware: Checking if cloud sync is allowed
Cache expired or unavailable, refreshing subscription status
Cache updated: status=SubscriptionStatus.none, lastChecked=2026-01-25 21:44:43.795590
Cache updated: status=SubscriptionStatus.none, lastChecked=2026-01-25 21:44:43.795590
SubscriptionGatingMiddleware: Cloud sync denied - subscription status: SubscriptionStatus.none
Clearing subscription status cache
SubscriptionGatingMiddleware: Checking if cloud sync is allowed
Cache expired or unavailable, refreshing subscription status
Cache updated: status=SubscriptionStatus.none, lastChecked=2026-01-25 21:44:43.795590
Cache updated: status=SubscriptionStatus.none, lastChecked=2026-01-25 21:44:43.795590
SubscriptionGatingMiddleware: Cloud sync denied - subscription status: SubscriptionStatus.none
Clearing subscription status cache
SubscriptionGatingMiddleware: Checking if cloud sync is allowed
Cache expired or unavailable, refreshing subscription status
Cache updated: status=SubscriptionStatus.none, lastChecked=2026-01-25 21:44:43.795590
Cache updated: status=SubscriptionStatus.none, lastChecked=2026-01-25 21:44:43.795590
SubscriptionGatingMiddleware: Cloud sync denied - subscription status: SubscriptionStatus.none
Clearing subscription status cache
SubscriptionGatingMiddleware: Checking if cloud sync is allowed
Cache expired or unavailable, refreshing subscription status
Cache updated: status=SubscriptionStatus.none, lastChecked=2026-01-25 21:44:43.795590
Cache updated: status=SubscriptionStatus.none, lastChecked=2026-01-25 21:44:43.795590
SubscriptionGatingMiddleware: Cloud sync denied - subscription status: SubscriptionStatus.none
Clearing subscription status cache
SubscriptionGatingMiddleware: Checking if cloud sync is allowed
Cache expired or unavailable, refreshing subscription status
Cache updated: status=SubscriptionStatus.none, lastChecked=2026-01-25 21:44:43.795590
Cache updated: status=SubscriptionStatus.none, lastChecked=2026-01-25 21:44:43.795590
SubscriptionGatingMiddleware: Cloud sync denied - subscription status: SubscriptionStatus.none
Clearing subscription status cache
SubscriptionGatingMiddleware: Checking if cloud sync is allowed
Cache expired or unavailable, refreshing subscription status
Cache updated: status=SubscriptionStatus.none, lastChecked=2026-01-25 21:44:43.795590
Cache updated: status=SubscriptionStatus.none, lastChecked=2026-01-25 21:44:43.795590
SubscriptionGatingMiddleware: Cloud sync denied - subscription status: SubscriptionStatus.none
Clearing subscription status cache
SubscriptionGatingMiddleware: Checking if cloud sync is allowed
Cache expired or unavailable, refreshing subscription status
Cache updated: status=SubscriptionStatus.none, lastChecked=2026-01-25 21:44:43.795590
Cache updated: status=SubscriptionStatus.none, lastChecked=2026-01-25 21:44:43.795590
SubscriptionGatingMiddleware: Cloud sync denied - subscription status: SubscriptionStatus.none
Clearing subscription status cache
SubscriptionGatingMiddleware: Checking if cloud sync is allowed
Cache expired or unavailable, refreshing subscription status
Cache updated: status=SubscriptionStatus.none, lastChecked=2026-01-25 21:44:43.795590
Cache updated: status=SubscriptionStatus.none, lastChecked=2026-01-25 21:44:43.795590
SubscriptionGatingMiddleware: Cloud sync denied - subscription status: SubscriptionStatus.none
Clearing subscription status cache
SubscriptionGatingMiddleware: Checking if cloud sync is allowed
Cache expired or unavailable, refreshing subscription status
Cache updated: status=SubscriptionStatus.none, lastChecked=2026-01-25 21:44:43.795590
Cache updated: status=SubscriptionStatus.none, lastChecked=2026-01-25 21:44:43.795590
SubscriptionGatingMiddleware: Cloud sync denied - subscription status: SubscriptionStatus.none
Clearing subscription status cache
SubscriptionGatingMiddleware: Checking if cloud sync is allowed
Cache expired or unavailable, refreshing subscription status
Cache updated: status=SubscriptionStatus.none, lastChecked=2026-01-25 21:44:43.795590
Cache updated: status=SubscriptionStatus.none, lastChecked=2026-01-25 21:44:43.795590
SubscriptionGatingMiddleware: Cloud sync denied - subscription status: SubscriptionStatus.none
Clearing subscription status cache
SubscriptionGatingMiddleware: Checking if cloud sync is allowed
Cache expired or unavailable, refreshing subscription status
Cache updated: status=SubscriptionStatus.none, lastChecked=2026-01-25 21:44:43.795590
Cache updated: status=SubscriptionStatus.none, lastChecked=2026-01-25 21:44:43.795590
SubscriptionGatingMiddleware: Cloud sync denied - subscription status: SubscriptionStatus.none
Clearing subscription status cache
SubscriptionGatingMiddleware: Checking if cloud sync is allowed
Cache expired or unavailable, refreshing subscription status
Cache updated: status=SubscriptionStatus.none, lastChecked=2026-01-25 21:44:43.795590
Cache updated: status=SubscriptionStatus.none, lastChecked=2026-01-25 21:44:43.795590
SubscriptionGatingMiddleware: Cloud sync denied - subscription status: SubscriptionStatus.none
Clearing subscription status cache
SubscriptionGatingMiddleware: Checking if cloud sync is allowed
Cache expired or unavailable, refreshing subscription status
Cache updated: status=SubscriptionStatus.none, lastChecked=2026-01-25 21:44:43.795590
Cache updated: status=SubscriptionStatus.none, lastChecked=2026-01-25 21:44:43.795590
SubscriptionGatingMiddleware: Cloud sync denied - subscription status: SubscriptionStatus.none
Clearing subscription status cache
SubscriptionGatingMiddleware: Checking if cloud sync is allowed
Cache expired or unavailable, refreshing subscription status
Cache updated: status=SubscriptionStatus.none, lastChecked=2026-01-25 21:44:43.795590
Cache updated: status=SubscriptionStatus.none, lastChecked=2026-01-25 21:44:43.795590
SubscriptionGatingMiddleware: Cloud sync denied - subscription status: SubscriptionStatus.none
Clearing subscription status cache
SubscriptionGatingMiddleware: Checking if cloud sync is allowed
Cache expired or unavailable, refreshing subscription status
Cache updated: status=SubscriptionStatus.none, lastChecked=2026-01-25 21:44:43.795590
Cache updated: status=SubscriptionStatus.none, lastChecked=2026-01-25 21:44:43.795590
SubscriptionGatingMiddleware: Cloud sync denied - subscription status: SubscriptionStatus.none
Clearing subscription status cache
SubscriptionGatingMiddleware: Checking if cloud sync is allowed
Cache expired or unavailable, refreshing subscription status
Cache updated: status=SubscriptionStatus.none, lastChecked=2026-01-25 21:44:43.795590
Cache updated: status=SubscriptionStatus.none, lastChecked=2026-01-25 21:44:43.795590
SubscriptionGatingMiddleware: Cloud sync denied - subscription status: SubscriptionStatus.none
Clearing subscription status cache
SubscriptionGatingMiddleware: Checking if cloud sync is allowed
Cache expired or unavailable, refreshing subscription status
Cache updated: status=SubscriptionStatus.none, lastChecked=2026-01-25 21:44:43.795590
Cache updated: status=SubscriptionStatus.none, lastChecked=2026-01-25 21:44:43.795590
SubscriptionGatingMiddleware: Cloud sync denied - subscription status: SubscriptionStatus.none
Clearing subscription status cache
SubscriptionGatingMiddleware: Checking if cloud sync is allowed
Cache expired or unavailable, refreshing subscription status
Cache updated: status=SubscriptionStatus.none, lastChecked=2026-01-25 21:44:43.795590
Cache updated: status=SubscriptionStatus.none, lastChecked=2026-01-25 21:44:43.795590
SubscriptionGatingMiddleware: Cloud sync denied - subscription status: SubscriptionStatus.none
Clearing subscription status cache
SubscriptionGatingMiddleware: Checking if cloud sync is allowed
Cache expired or unavailable, refreshing subscription status
Cache updated: status=SubscriptionStatus.none, lastChecked=2026-01-25 21:44:43.795590
Cache updated: status=SubscriptionStatus.none, lastChecked=2026-01-25 21:44:43.795590
SubscriptionGatingMiddleware: Cloud sync denied - subscription status: SubscriptionStatus.none
Clearing subscription status cache
SubscriptionGatingMiddleware: Checking if cloud sync is allowed
Cache expired or unavailable, refreshing subscription status
Cache updated: status=SubscriptionStatus.none, lastChecked=2026-01-25 21:44:43.795590
Cache updated: status=SubscriptionStatus.none, lastChecked=2026-01-25 21:44:43.795590
SubscriptionGatingMiddleware: Cloud sync denied - subscription status: SubscriptionStatus.none
Clearing subscription status cache
SubscriptionGatingMiddleware: Checking if cloud sync is allowed
Cache expired or unavailable, refreshing subscription status
Cache updated: status=SubscriptionStatus.none, lastChecked=2026-01-25 21:44:43.795590
Cache updated: status=SubscriptionStatus.none, lastChecked=2026-01-25 21:44:43.795590
SubscriptionGatingMiddleware: Cloud sync denied - subscription status: SubscriptionStatus.none
Clearing subscription status cache
SubscriptionGatingMiddleware: Checking if cloud sync is allowed
Cache expired or unavailable, refreshing subscription status
Cache updated: status=SubscriptionStatus.none, lastChecked=2026-01-25 21:44:43.795590
Cache updated: status=SubscriptionStatus.none, lastChecked=2026-01-25 21:44:43.795590
SubscriptionGatingMiddleware: Cloud sync denied - subscription status: SubscriptionStatus.none
Clearing subscription status cache
SubscriptionGatingMiddleware: Checking if cloud sync is allowed
Cache expired or unavailable, refreshing subscription status
Cache updated: status=SubscriptionStatus.none, lastChecked=2026-01-25 21:44:43.795590
Cache updated: status=SubscriptionStatus.none, lastChecked=2026-01-25 21:44:43.795590
SubscriptionGatingMiddleware: Cloud sync denied - subscription status: SubscriptionStatus.none
Clearing subscription status cache
SubscriptionGatingMiddleware: Checking if cloud sync is allowed
Cache expired or unavailable, refreshing subscription status
Cache updated: status=SubscriptionStatus.none, lastChecked=2026-01-25 21:44:43.795590
Cache updated: status=SubscriptionStatus.none, lastChecked=2026-01-25 21:44:43.795590
SubscriptionGatingMiddleware: Cloud sync denied - subscription status: SubscriptionStatus.none
Clearing subscription status cache
SubscriptionGatingMiddleware: Checking if cloud sync is allowed
Cache expired or unavailable, refreshing subscription status
Cache updated: status=SubscriptionStatus.none, lastChecked=2026-01-25 21:44:43.795590
Cache updated: status=SubscriptionStatus.none, lastChecked=2026-01-25 21:44:43.795590
SubscriptionGatingMiddleware: Cloud sync denied - subscription status: SubscriptionStatus.none
Clearing subscription status cache
SubscriptionGatingMiddleware: Checking if cloud sync is allowed
Cache expired or unavailable, refreshing subscription status
Cache updated: status=SubscriptionStatus.none, lastChecked=2026-01-25 21:44:43.795590
Cache updated: status=SubscriptionStatus.none, lastChecked=2026-01-25 21:44:43.795590
SubscriptionGatingMiddleware: Cloud sync denied - subscription status: SubscriptionStatus.none
Clearing subscription status cache
SubscriptionGatingMiddleware: Checking if cloud sync is allowed
Cache expired or unavailable, refreshing subscription status
Cache updated: status=SubscriptionStatus.none, lastChecked=2026-01-25 21:44:43.795590
Cache updated: status=SubscriptionStatus.none, lastChecked=2026-01-25 21:44:43.795590
SubscriptionGatingMiddleware: Cloud sync denied - subscription status: SubscriptionStatus.none
Clearing subscription status cache
SubscriptionGatingMiddleware: Checking if cloud sync is allowed
Cache expired or unavailable, refreshing subscription status
Cache updated: status=SubscriptionStatus.none, lastChecked=2026-01-25 21:44:43.795590
Cache updated: status=SubscriptionStatus.none, lastChecked=2026-01-25 21:44:43.795590
SubscriptionGatingMiddleware: Cloud sync denied - subscription status: SubscriptionStatus.none
Clearing subscription status cache
SubscriptionGatingMiddleware: Checking if cloud sync is allowed
Cache expired or unavailable, refreshing subscription status
Cache updated: status=SubscriptionStatus.none, lastChecked=2026-01-25 21:44:43.795590
Cache updated: status=SubscriptionStatus.none, lastChecked=2026-01-25 21:44:43.795590
SubscriptionGatingMiddleware: Cloud sync denied - subscription status: SubscriptionStatus.none
Clearing subscription status cache
SubscriptionGatingMiddleware: Checking if cloud sync is allowed
Cache expired or unavailable, refreshing subscription status
Cache updated: status=SubscriptionStatus.none, lastChecked=2026-01-25 21:44:43.795590
Cache updated: status=SubscriptionStatus.none, lastChecked=2026-01-25 21:44:43.795590
SubscriptionGatingMiddleware: Cloud sync denied - subscription status: SubscriptionStatus.none
Clearing subscription status cache
SubscriptionGatingMiddleware: Checking if cloud sync is allowed
Cache expired or unavailable, refreshing subscription status
Cache updated: status=SubscriptionStatus.none, lastChecked=2026-01-25 21:44:43.795590
Cache updated: status=SubscriptionStatus.none, lastChecked=2026-01-25 21:44:43.795590
SubscriptionGatingMiddleware: Cloud sync denied - subscription status: SubscriptionStatus.none
Clearing subscription status cache
SubscriptionGatingMiddleware: Checking if cloud sync is allowed
Cache expired or unavailable, refreshing subscription status
Cache updated: status=SubscriptionStatus.none, lastChecked=2026-01-25 21:44:43.795590
Cache updated: status=SubscriptionStatus.none, lastChecked=2026-01-25 21:44:43.795590
SubscriptionGatingMiddleware: Cloud sync denied - subscription status: SubscriptionStatus.none
Clearing subscription status cache
SubscriptionGatingMiddleware: Checking if cloud sync is allowed
Cache expired or unavailable, refreshing subscription status
Cache updated: status=SubscriptionStatus.none, lastChecked=2026-01-25 21:44:43.795590
Cache updated: status=SubscriptionStatus.none, lastChecked=2026-01-25 21:44:43.795590
SubscriptionGatingMiddleware: Cloud sync denied - subscription status: SubscriptionStatus.none
Clearing subscription status cache
SubscriptionGatingMiddleware: Checking if cloud sync is allowed
Cache expired or unavailable, refreshing subscription status
Cache updated: status=SubscriptionStatus.none, lastChecked=2026-01-25 21:44:43.795590
Cache updated: status=SubscriptionStatus.none, lastChecked=2026-01-25 21:44:43.795590
SubscriptionGatingMiddleware: Cloud sync denied - subscription status: SubscriptionStatus.none
Clearing subscription status cache
SubscriptionGatingMiddleware: Checking if cloud sync is allowed
Cache expired or unavailable, refreshing subscription status
Cache updated: status=SubscriptionStatus.none, lastChecked=2026-01-25 21:44:43.795590
Cache updated: status=SubscriptionStatus.none, lastChecked=2026-01-25 21:44:43.795590
SubscriptionGatingMiddleware: Cloud sync denied - subscription status: SubscriptionStatus.none
Clearing subscription status cache
SubscriptionGatingMiddleware: Checking if cloud sync is allowed
Cache expired or unavailable, refreshing subscription status
Cache updated: status=SubscriptionStatus.none, lastChecked=2026-01-25 21:44:43.795590
Cache updated: status=SubscriptionStatus.none, lastChecked=2026-01-25 21:44:43.795590
SubscriptionGatingMiddleware: Cloud sync denied - subscription status: SubscriptionStatus.none
Clearing subscription status cache
SubscriptionGatingMiddleware: Checking if cloud sync is allowed
Cache expired or unavailable, refreshing subscription status
Cache updated: status=SubscriptionStatus.none, lastChecked=2026-01-25 21:44:43.795590
Cache updated: status=SubscriptionStatus.none, lastChecked=2026-01-25 21:44:43.795590
SubscriptionGatingMiddleware: Cloud sync denied - subscription status: SubscriptionStatus.none
Clearing subscription status cache
SubscriptionGatingMiddleware: Checking if cloud sync is allowed
Cache expired or unavailable, refreshing subscription status
Cache updated: status=SubscriptionStatus.none, lastChecked=2026-01-25 21:44:43.795590
Cache updated: status=SubscriptionStatus.none, lastChecked=2026-01-25 21:44:43.795590
SubscriptionGatingMiddleware: Cloud sync denied - subscription status: SubscriptionStatus.none
Clearing subscription status cache
SubscriptionGatingMiddleware: Checking if cloud sync is allowed
Cache expired or unavailable, refreshing subscription status
Cache updated: status=SubscriptionStatus.none, lastChecked=2026-01-25 21:44:43.795590
Cache updated: status=SubscriptionStatus.none, lastChecked=2026-01-25 21:44:43.795590
SubscriptionGatingMiddleware: Cloud sync denied - subscription status: SubscriptionStatus.none
Clearing subscription status cache
SubscriptionGatingMiddleware: Checking if cloud sync is allowed
Cache expired or unavailable, refreshing subscription status
Cache updated: status=SubscriptionStatus.none, lastChecked=2026-01-25 21:44:43.795590
Cache updated: status=SubscriptionStatus.none, lastChecked=2026-01-25 21:44:43.795590
SubscriptionGatingMiddleware: Cloud sync denied - subscription status: SubscriptionStatus.none
Clearing subscription status cache
SubscriptionGatingMiddleware: Checking if cloud sync is allowed
Cache expired or unavailable, refreshing subscription status
Cache updated: status=SubscriptionStatus.none, lastChecked=2026-01-25 21:44:43.795590
Cache updated: status=SubscriptionStatus.none, lastChecked=2026-01-25 21:44:43.795590
SubscriptionGatingMiddleware: Cloud sync denied - subscription status: SubscriptionStatus.none
Clearing subscription status cache
SubscriptionGatingMiddleware: Checking if cloud sync is allowed
Cache expired or unavailable, refreshing subscription status
Cache updated: status=SubscriptionStatus.none, lastChecked=2026-01-25 21:44:43.795590
Cache updated: status=SubscriptionStatus.none, lastChecked=2026-01-25 21:44:43.795590
SubscriptionGatingMiddleware: Cloud sync denied - subscription status: SubscriptionStatus.none
Clearing subscription status cache
SubscriptionGatingMiddleware: Checking if cloud sync is allowed
Cache expired or unavailable, refreshing subscription status
Cache updated: status=SubscriptionStatus.none, lastChecked=2026-01-25 21:44:43.795590
Cache updated: status=SubscriptionStatus.none, lastChecked=2026-01-25 21:44:43.795590
SubscriptionGatingMiddleware: Cloud sync denied - subscription status: SubscriptionStatus.none
Clearing subscription status cache
SubscriptionGatingMiddleware: Checking if cloud sync is allowed
Cache expired or unavailable, refreshing subscription status
Cache updated: status=SubscriptionStatus.none, lastChecked=2026-01-25 21:44:43.795590
Cache updated: status=SubscriptionStatus.none, lastChecked=2026-01-25 21:44:43.795590
SubscriptionGatingMiddleware: Cloud sync denied - subscription status: SubscriptionStatus.none
Clearing subscription status cache
SubscriptionGatingMiddleware: Checking if cloud sync is allowed
Cache expired or unavailable, refreshing subscription status
Cache updated: status=SubscriptionStatus.none, lastChecked=2026-01-25 21:44:43.795590
Cache updated: status=SubscriptionStatus.none, lastChecked=2026-01-25 21:44:43.795590
SubscriptionGatingMiddleware: Cloud sync denied - subscription status: SubscriptionStatus.none
Clearing subscription status cache
SubscriptionGatingMiddleware: Checking if cloud sync is allowed
Cache expired or unavailable, refreshing subscription status
Cache updated: status=SubscriptionStatus.none, lastChecked=2026-01-25 21:44:43.795590
Cache updated: status=SubscriptionStatus.none, lastChecked=2026-01-25 21:44:43.795590
SubscriptionGatingMiddleware: Cloud sync denied - subscription status: SubscriptionStatus.none
Clearing subscription status cache
SubscriptionGatingMiddleware: Checking if cloud sync is allowed
Cache expired or unavailable, refreshing subscription status
Cache updated: status=SubscriptionStatus.none, lastChecked=2026-01-25 21:44:43.795590
Cache updated: status=SubscriptionStatus.none, lastChecked=2026-01-25 21:44:43.795590
SubscriptionGatingMiddleware: Cloud sync denied - subscription status: SubscriptionStatus.none
Clearing subscription status cache
SubscriptionGatingMiddleware: Checking if cloud sync is allowed
Cache expired or unavailable, refreshing subscription status
Cache updated: status=SubscriptionStatus.none, lastChecked=2026-01-25 21:44:43.795590
Cache updated: status=SubscriptionStatus.none, lastChecked=2026-01-25 21:44:43.795590
SubscriptionGatingMiddleware: Cloud sync denied - subscription status: SubscriptionStatus.none
Clearing subscription status cache
SubscriptionGatingMiddleware: Checking if cloud sync is allowed
Cache expired or unavailable, refreshing subscription status
Cache updated: status=SubscriptionStatus.none, lastChecked=2026-01-25 21:44:43.795590
Cache updated: status=SubscriptionStatus.none, lastChecked=2026-01-25 21:44:43.795590
SubscriptionGatingMiddleware: Cloud sync denied - subscription status: SubscriptionStatus.none
Clearing subscription status cache
SubscriptionGatingMiddleware: Checking if cloud sync is allowed
Cache expired or unavailable, refreshing subscription status
Cache updated: status=SubscriptionStatus.none, lastChecked=2026-01-25 21:44:43.795590
Cache updated: status=SubscriptionStatus.none, lastChecked=2026-01-25 21:44:43.795590
SubscriptionGatingMiddleware: Cloud sync denied - subscription status: SubscriptionStatus.none
Clearing subscription status cache
SubscriptionGatingMiddleware: Checking if cloud sync is allowed
Cache expired or unavailable, refreshing subscription status
Cache updated: status=SubscriptionStatus.none, lastChecked=2026-01-25 21:44:43.795590
Cache updated: status=SubscriptionStatus.none, lastChecked=2026-01-25 21:44:43.795590
SubscriptionGatingMiddleware: Cloud sync denied - subscription status: SubscriptionStatus.none
Clearing subscription status cache
SubscriptionGatingMiddleware: Checking if cloud sync is allowed
Cache expired or unavailable, refreshing subscription status
Cache updated: status=SubscriptionStatus.none, lastChecked=2026-01-25 21:44:43.795590
Cache updated: status=SubscriptionStatus.none, lastChecked=2026-01-25 21:44:43.795590
SubscriptionGatingMiddleware: Cloud sync denied - subscription status: SubscriptionStatus.none
Clearing subscription status cache
SubscriptionGatingMiddleware: Checking if cloud sync is allowed
Cache expired or unavailable, refreshing subscription status
Cache updated: status=SubscriptionStatus.none, lastChecked=2026-01-25 21:44:43.795590
Cache updated: status=SubscriptionStatus.none, lastChecked=2026-01-25 21:44:43.795590
SubscriptionGatingMiddleware: Cloud sync denied - subscription status: SubscriptionStatus.none
00:00 +0 -1: Some tests failed.
